2026-04-23 09:00:07,984  INFO      =======================================================
2026-04-23 09:00:07,985  INFO        8-30 EMA ALGO TRADER — PAPER TRADING MODE
2026-04-23 09:00:07,985  INFO      =======================================================
2026-04-23 09:01:00,789  INFO      Instrument=NIFTY Token=256265 Interval=5minute
2026-04-23 09:01:00,790  INFO      Running pre-market checks...
2026-04-23 09:01:01,982  INFO      India VIX: 18.3
2026-04-23 09:01:01,985  INFO      VIX=18.30 — normal conditions, safe to trade
2026-04-23 09:01:01,985  INFO      VIX: VIX=18.30 — normal conditions, safe to trade
2026-04-23 09:01:02,884  INFO      NFO instruments refreshed from Kite
2026-04-23 09:01:02,957  INFO      OI | Support=24000 Resistance=24400 MaxPain=24300 PCR=2.59 Bias=BULLISH
2026-04-23 09:01:02,958  INFO      Pre-market OK | VIX=18.3 | OI bias=BULLISH
2026-04-23 09:01:02,958  INFO      Market opens at 09:15. Waiting 13 min...
2026-04-23 09:02:02,964  INFO      Market opens at 09:15. Waiting 12 min...
2026-04-23 09:02:07,696  INFO      =======================================================
2026-04-23 09:02:07,697  INFO        8-30 EMA ALGO TRADER — PAPER TRADING MODE
2026-04-23 09:02:07,697  INFO      =======================================================
2026-04-23 09:02:07,894  INFO      Instrument=NIFTY Token=256265 Interval=5minute
2026-04-23 09:02:07,894  INFO      Running pre-market checks...
2026-04-23 09:02:09,040  INFO      India VIX: 18.3
2026-04-23 09:02:09,041  INFO      VIX=18.30 — normal conditions, safe to trade
2026-04-23 09:02:09,041  INFO      VIX: VIX=18.30 — normal conditions, safe to trade
2026-04-23 09:02:09,885  INFO      NFO instruments refreshed from Kite
2026-04-23 09:02:09,967  INFO      OI | Support=24000 Resistance=24400 MaxPain=24300 PCR=2.59 Bias=BULLISH
2026-04-23 09:02:09,967  INFO      Pre-market OK | VIX=18.3 | OI bias=BULLISH
2026-04-23 09:02:09,968  INFO      Market opens at 09:15. Waiting 12 min...
2026-04-23 09:03:02,969  INFO      Market opens at 09:15. Waiting 11 min...
2026-04-23 09:04:02,976  INFO      Market opens at 09:15. Waiting 10 min...
2026-04-23 09:05:02,982  INFO      Market opens at 09:15. Waiting 9 min...
2026-04-23 09:06:02,990  INFO      Market opens at 09:15. Waiting 8 min...
2026-04-23 09:07:03,004  INFO      Market opens at 09:15. Waiting 7 min...
2026-04-23 09:08:03,015  INFO      Market opens at 09:15. Waiting 6 min...
2026-04-23 09:09:03,021  INFO      Market opens at 09:15. Waiting 5 min...
2026-04-23 09:10:03,030  INFO      Market opens at 09:15. Waiting 4 min...
2026-04-23 09:11:03,048  INFO      Market opens at 09:15. Waiting 3 min...
2026-04-23 09:12:03,061  INFO      Market opens at 09:15. Waiting 2 min...
2026-04-23 09:13:03,075  INFO      Market opens at 09:15. Waiting 1 min...
2026-04-23 09:14:03,099  INFO      Market opens at 09:15. Waiting 0 min...
2026-04-23 09:15:00,128  INFO      Market open. Algo running...
2026-04-23 09:15:00,417  INFO      Candle 2026-04-22 15:25:00+05:30 | Close=24367.65 | EMA8=24384.14 EMA30=24405.59 | ADX=31.2 Dir=SELL
2026-04-23 09:15:00,417  INFO      Paused: Opening volatility window (09:15–09:45)
2026-04-23 09:15:15,517  INFO      Candle 2026-04-23 09:15:00+05:30 | Close=24156.85 | EMA8=24333.63 EMA30=24389.54 | ADX=39.0 Dir=SELL
2026-04-23 09:15:15,518  INFO      Paused: Opening volatility window (09:15–09:45)
2026-04-23 09:20:14,170  INFO      Candle 2026-04-23 09:20:00+05:30 | Close=24197.50 | EMA8=24311.07 EMA30=24379.84 | ADX=45.8 Dir=SELL
2026-04-23 09:20:14,172  INFO      Paused: Opening volatility window (09:15–09:45)
2026-04-23 09:25:12,139  INFO      Candle 2026-04-23 09:25:00+05:30 | Close=24212.30 | EMA8=24291.39 EMA30=24369.82 | ADX=51.6 Dir=SELL
2026-04-23 09:25:12,140  INFO      Paused: Opening volatility window (09:15–09:45)
2026-04-23 09:30:11,196  INFO      Candle 2026-04-23 09:30:00+05:30 | Close=24221.80 | EMA8=24279.07 EMA30=24361.37 | ADX=55.8 Dir=SELL
2026-04-23 09:30:11,198  INFO      Paused: Opening volatility window (09:15–09:45)
2026-04-23 09:35:09,075  INFO      Candle 2026-04-23 09:35:00+05:30 | Close=24212.35 | EMA8=24262.75 EMA30=24351.24 | ADX=54.4 Dir=SELL
2026-04-23 09:35:09,078  INFO      Paused: Opening volatility window (09:15–09:45)
2026-04-23 09:40:17,130  INFO      Candle 2026-04-23 09:40:00+05:30 | Close=24210.25 | EMA8=24251.27 EMA30=24342.21 | ADX=56.0 Dir=SELL
2026-04-23 09:40:17,131  INFO      Paused: Opening volatility window (09:15–09:45)
2026-04-23 09:45:04,908  INFO      Candle 2026-04-23 09:45:00+05:30 | Close=24241.00 | EMA8=24254.59 EMA30=24337.63 | ADX=51.8 Dir=SELL
2026-04-23 09:45:05,004  INFO      Option | NIFTY26APR24250PE | LTP=221.8 Bid=221.75 Ask=222.25 OI=1,640,340 Vol=6,424,080 Lot=65 LotValue=Rs.14417
2026-04-23 09:45:05,004  INFO      Option trade | NIFTY26APR24250PE | LTP=221.8 SL=218.4 Target=232.0 | Lots=3 Qty=195 LotValue=Rs.14417.0
2026-04-23 09:45:05,004  INFO      PAPER ORDER #1 | SELL NIFTY26APR24250PE | Entry=221.8 SL=218.4 Target=232.0 RR=1:3
2026-04-23 09:45:05,005  INFO      ==================================================   PAPER TRADE #1 — ENTRY   Action       : PUT  (PE) — BUY   Symbol       : NIFTY26APR24250PE   Signal Type  : Retest   Nifty Spot   : Rs.24239.9   Option LTP   : Rs.221.8  (Bid:221.75 / Ask:222.25)   Option SL    : Rs.218.4   Option Target: Rs.232.0  (1:3)   Lots x Size  : 3 lots x 65 = 195 qty   Total Cost   : Rs.43,251.00   Time         : 09:45:05 ==================================================
2026-04-23 09:50:13,067  INFO      Candle 2026-04-23 09:50:00+05:30 | Close=24275.40 | EMA8=24264.51 EMA30=24335.47 | ADX=45.3 Dir=SELL
2026-04-23 09:50:13,132  INFO      TRADE CLOSED #1 | SL_HIT | OptExit=204.55 PnL=-3363.75 DayPnL=-3363.75
2026-04-23 09:50:13,133  INFO      ==================================================   LOSS — SL HIT — Trade #1   Bought For  : Rs.43,251.00  (total cost)   Sold For    : Rs.39,887.25  (total exit value)   Exit Price  : Rs.204.55  per unit   PnL         : -Rs.3363.75   Exit Time   : 09:50:13 ==================================================
2026-04-23 09:55:11,157  INFO      Candle 2026-04-23 09:55:00+05:30 | Close=24286.85 | EMA8=24270.78 EMA30=24332.79 | ADX=38.6 Dir=SELL
2026-04-23 10:00:09,091  INFO      Candle 2026-04-23 10:00:00+05:30 | Close=24286.75 | EMA8=24274.44 EMA30=24329.86 | ADX=34.4 Dir=SELL
2026-04-23 10:01:04,599  INFO      OI | Support=24000 Resistance=24400 MaxPain=24200 PCR=2.29 Bias=BULLISH
2026-04-23 10:01:04,600  INFO      OI refreshed | {'support': 24000, 'resistance': 24400, 'max_pain': 24200, 'pcr': 2.29, 'expiry': '2026-04-28', 'bias': 'BULLISH'}
2026-04-23 10:05:17,078  INFO      Candle 2026-04-23 10:05:00+05:30 | Close=24306.25 | EMA8=24284.89 EMA30=24329.51 | ADX=31.2 Dir=SELL
2026-04-23 10:05:17,174  INFO      Option | NIFTY26APR24300PE | LTP=212.5 Bid=212.2 Ask=212.6 OI=5,136,820 Vol=14,506,440 Lot=65 LotValue=Rs.13812
2026-04-23 10:05:17,174  INFO      Option trade | NIFTY26APR24300PE | LTP=212.5 SL=210.15 Target=219.55 | Lots=3 Qty=195 LotValue=Rs.13812.5
2026-04-23 10:05:17,175  INFO      PAPER ORDER #2 | SELL NIFTY26APR24300PE | Entry=212.5 SL=210.15 Target=219.55 RR=1:3
2026-04-23 10:05:17,175  INFO      ==================================================   PAPER TRADE #2 — ENTRY   Action       : PUT  (PE) — BUY   Symbol       : NIFTY26APR24300PE   Signal Type  : Retest   Nifty Spot   : Rs.24304.1   Option LTP   : Rs.212.5  (Bid:212.2 / Ask:212.6)   Option SL    : Rs.210.15   Option Target: Rs.219.55  (1:3)   Lots x Size  : 3 lots x 65 = 195 qty   Total Cost   : Rs.41,437.50   Time         : 10:05:17 ==================================================
2026-04-23 10:10:15,009  INFO      Candle 2026-04-23 10:10:00+05:30 | Close=24281.95 | EMA8=24280.72 EMA30=24325.22 | ADX=27.7 Dir=SELL
2026-04-23 10:10:15,068  INFO      TRADE CLOSED #2 | TARGET_HIT | OptExit=224.3 PnL=+2301.00 DayPnL=-1062.75
2026-04-23 10:10:15,068  INFO      ==================================================   WIN — TARGET HIT — Trade #2   Bought For  : Rs.41,437.50  (total cost)   Sold For    : Rs.43,738.50  (total exit value)   Exit Price  : Rs.224.3  per unit   PnL         : +Rs.2301.00   Exit Time   : 10:10:15 ==================================================
2026-04-23 10:10:15,146  INFO      Option | NIFTY26APR24300PE | LTP=224.3 Bid=224.3 Ask=224.7 OI=5,360,095 Vol=15,984,540 Lot=65 LotValue=Rs.14580
2026-04-23 10:10:15,146  INFO      Option trade | NIFTY26APR24300PE | LTP=224.3 SL=220.23 Target=236.53 | Lots=3 Qty=195 LotValue=Rs.14579.5
2026-04-23 10:10:15,146  INFO      PAPER ORDER #3 | SELL NIFTY26APR24300PE | Entry=224.3 SL=220.23 Target=236.53 RR=1:3
2026-04-23 10:10:15,146  INFO      ==================================================   PAPER TRADE #3 — ENTRY   Action       : PUT  (PE) — BUY   Symbol       : NIFTY26APR24300PE   Signal Type  : Retest   Nifty Spot   : Rs.24281.45   Option LTP   : Rs.224.3  (Bid:224.3 / Ask:224.7)   Option SL    : Rs.220.23   Option Target: Rs.236.53  (1:3)   Lots x Size  : 3 lots x 65 = 195 qty   Total Cost   : Rs.43,738.50   Time         : 10:10:15 ==================================================
2026-04-23 10:15:12,869  INFO      Candle 2026-04-23 10:15:00+05:30 | Close=24275.65 | EMA8=24278.45 EMA30=24321.62 | ADX=27.3 Dir=SELL
2026-04-23 10:20:10,736  INFO      Candle 2026-04-23 10:20:00+05:30 | Close=24287.20 | EMA8=24282.36 EMA30=24320.08 | ADX=26.7 Dir=SELL
2026-04-23 10:25:08,630  INFO      Candle 2026-04-23 10:25:00+05:30 | Close=24267.95 | EMA8=24276.14 EMA30=24315.67 | ADX=25.0 Dir=SELL
2026-04-23 10:30:06,576  INFO      Candle 2026-04-23 10:30:00+05:30 | Close=24264.05 | EMA8=24272.30 EMA30=24311.94 | ADX=24.7 Dir=SELL
2026-04-23 10:35:04,503  INFO      Candle 2026-04-23 10:35:00+05:30 | Close=24243.75 | EMA8=24262.55 EMA30=24306.35 | ADX=27.8 Dir=SELL
2026-04-23 10:35:04,563  INFO      TRADE CLOSED #3 | TARGET_HIT | OptExit=241.8 PnL=+3412.50 DayPnL=+2349.75
2026-04-23 10:35:04,564  INFO      ==================================================   WIN — TARGET HIT — Trade #3   Bought For  : Rs.43,738.50  (total cost)   Sold For    : Rs.47,151.00  (total exit value)   Exit Price  : Rs.241.8  per unit   PnL         : +Rs.3412.50   Exit Time   : 10:35:04 ==================================================
2026-04-23 10:35:04,650  INFO      Option | NIFTY26APR24250PE | LTP=215.8 Bid=215.95 Ask=216.2 OI=2,875,470 Vol=17,871,165 Lot=65 LotValue=Rs.14027
2026-04-23 10:35:04,650  INFO      Option trade | NIFTY26APR24250PE | LTP=215.8 SL=213.7 Target=222.1 | Lots=3 Qty=195 LotValue=Rs.14027.0
2026-04-23 10:35:04,651  INFO      Order blocked: MAX_TRADES_REACHED
2026-04-23 10:40:12,799  INFO      Candle 2026-04-23 10:40:00+05:30 | Close=24226.35 | EMA8=24251.57 EMA30=24300.16 | ADX=31.2 Dir=SELL
2026-04-23 10:45:10,641  INFO      Candle 2026-04-23 10:45:00+05:30 | Close=24219.80 | EMA8=24243.41 EMA30=24294.59 | ADX=33.5 Dir=SELL
2026-04-23 10:45:10,739  INFO      Option | NIFTY26APR24200PE | LTP=204.55 Bid=204.2 Ask=204.6 OI=7,258,810 Vol=45,797,440 Lot=65 LotValue=Rs.13296
2026-04-23 10:45:10,740  INFO      Option trade | NIFTY26APR24200PE | LTP=204.55 SL=202.45 Target=210.85 | Lots=3 Qty=195 LotValue=Rs.13295.75
2026-04-23 10:45:10,740  INFO      Order blocked: MAX_TRADES_REACHED
2026-04-23 10:50:08,698  INFO      Candle 2026-04-23 10:50:00+05:30 | Close=24206.25 | EMA8=24232.71 EMA30=24288.04 | ADX=38.8 Dir=SELL
2026-04-23 10:50:08,787  INFO      Option | NIFTY26APR24200PE | LTP=215.5 Bid=215.15 Ask=215.5 OI=6,517,225 Vol=49,656,165 Lot=65 LotValue=Rs.14008
2026-04-23 10:50:08,788  INFO      Option trade | NIFTY26APR24200PE | LTP=215.5 SL=213.52 Target=221.42 | Lots=3 Qty=195 LotValue=Rs.14007.5
2026-04-23 10:50:08,788  INFO      Order blocked: MAX_TRADES_REACHED
2026-04-23 10:55:16,886  INFO      Candle 2026-04-23 10:55:00+05:30 | Close=24205.65 | EMA8=24227.46 EMA30=24282.99 | ADX=41.7 Dir=SELL
2026-04-23 10:55:16,989  INFO      Option | NIFTY26APR24200PE | LTP=211.85 Bid=211.25 Ask=211.6 OI=6,628,050 Vol=51,632,685 Lot=65 LotValue=Rs.13770
2026-04-23 10:55:16,989  INFO      Option trade | NIFTY26APR24200PE | LTP=211.85 SL=207.5 Target=224.9 | Lots=3 Qty=195 LotValue=Rs.13770.25
2026-04-23 10:55:16,989  INFO      Order blocked: MAX_TRADES_REACHED
2026-04-23 11:00:04,916  INFO      Candle 2026-04-23 11:00:00+05:30 | Close=24214.05 | EMA8=24226.16 EMA30=24279.13 | ADX=42.3 Dir=SELL
2026-04-23 11:00:05,006  INFO      Option | NIFTY26APR24200PE | LTP=207.8 Bid=208.1 Ask=208.45 OI=6,778,980 Vol=53,352,325 Lot=65 LotValue=Rs.13507
2026-04-23 11:00:05,006  INFO      Option trade | NIFTY26APR24200PE | LTP=207.8 SL=205.57 Target=214.47 | Lots=3 Qty=195 LotValue=Rs.13507.0
2026-04-23 11:00:05,006  INFO      Order blocked: MAX_TRADES_REACHED
2026-04-23 11:00:05,006  INFO      Hourly | Trades=3 PnL=Rs.2,349.75 WinRate=66.7%
2026-04-23 11:01:10,655  INFO      OI | Support=24000 Resistance=24200 MaxPain=24200 PCR=1.72 Bias=BULLISH
2026-04-23 11:01:10,657  INFO      OI refreshed | {'support': 24000, 'resistance': 24200, 'max_pain': 24200, 'pcr': 1.72, 'expiry': '2026-04-28', 'bias': 'BULLISH'}
2026-04-23 11:05:13,321  INFO      Candle 2026-04-23 11:05:00+05:30 | Close=24222.85 | EMA8=24227.00 EMA30=24276.05 | ADX=43.1 Dir=SELL
2026-04-23 11:05:13,411  INFO      Option | NIFTY26APR24200PE | LTP=199.4 Bid=199.55 Ask=199.9 OI=6,885,450 Vol=54,455,635 Lot=65 LotValue=Rs.12961
2026-04-23 11:05:13,411  INFO      Option trade | NIFTY26APR24200PE | LTP=199.4 SL=196.85 Target=207.05 | Lots=3 Qty=195 LotValue=Rs.12961.0
2026-04-23 11:05:13,411  INFO      Order blocked: MAX_TRADES_REACHED
2026-04-23 11:10:12,124  INFO      Candle 2026-04-23 11:10:00+05:30 | Close=24211.20 | EMA8=24221.73 EMA30=24271.25 | ADX=43.2 Dir=SELL
2026-04-23 11:10:12,213  INFO      Option | NIFTY26APR24200PE | LTP=206.55 Bid=206.5 Ask=206.65 OI=6,885,060 Vol=55,625,310 Lot=65 LotValue=Rs.13426
2026-04-23 11:10:12,213  INFO      Option trade | NIFTY26APR24200PE | LTP=206.55 SL=203.63 Target=215.32 | Lots=3 Qty=195 LotValue=Rs.13425.75
2026-04-23 11:10:12,213  INFO      Order blocked: MAX_TRADES_REACHED
2026-04-23 11:15:10,374  INFO      Candle 2026-04-23 11:15:00+05:30 | Close=24191.75 | EMA8=24211.73 EMA30=24264.96 | ADX=47.0 Dir=SELL
2026-04-23 11:15:10,461  INFO      Option | NIFTY26APR24200PE | LTP=216.3 Bid=215.4 Ask=215.9 OI=7,048,470 Vol=58,041,815 Lot=65 LotValue=Rs.14060
2026-04-23 11:15:10,461  INFO      Option trade | NIFTY26APR24200PE | LTP=216.3 SL=212.45 Target=227.85 | Lots=3 Qty=195 LotValue=Rs.14059.5
2026-04-23 11:15:10,461  INFO      Order blocked: MAX_TRADES_REACHED
2026-04-23 11:20:08,362  INFO      Candle 2026-04-23 11:20:00+05:30 | Close=24190.25 | EMA8=24206.86 EMA30=24260.10 | ADX=48.8 Dir=SELL
2026-04-23 11:20:08,445  INFO      Option | NIFTY26APR24200PE | LTP=214.65 Bid=214.3 Ask=214.75 OI=7,111,390 Vol=59,750,925 Lot=65 LotValue=Rs.13952
2026-04-23 11:20:08,445  INFO      Option trade | NIFTY26APR24200PE | LTP=214.65 SL=212.4 Target=221.4 | Lots=3 Qty=195 LotValue=Rs.13952.25
2026-04-23 11:20:08,445  INFO      Order blocked: MAX_TRADES_REACHED
2026-04-23 11:25:06,201  INFO      Candle 2026-04-23 11:25:00+05:30 | Close=24192.20 | EMA8=24203.51 EMA30=24255.69 | ADX=50.4 Dir=SELL
2026-04-23 11:30:04,106  INFO      Candle 2026-04-23 11:30:00+05:30 | Close=24197.20 | EMA8=24203.07 EMA30=24252.25 | ADX=52.1 Dir=SELL
2026-04-23 11:30:04,206  INFO      Option | NIFTY26APR24200PE | LTP=205.8 Bid=205.8 Ask=206.25 OI=7,481,045 Vol=62,329,020 Lot=65 LotValue=Rs.13377
2026-04-23 11:30:04,206  INFO      Option trade | NIFTY26APR24200PE | LTP=205.8 SL=204.02 Target=211.12 | Lots=3 Qty=195 LotValue=Rs.13377.0
2026-04-23 11:30:04,206  INFO      Order blocked: MAX_TRADES_REACHED
2026-04-23 11:35:02,018  INFO      Candle 2026-04-23 11:35:00+05:30 | Close=24193.80 | EMA8=24200.15 EMA30=24248.18 | ADX=50.2 Dir=SELL
2026-04-23 11:40:09,913  INFO      Candle 2026-04-23 11:40:00+05:30 | Close=24194.35 | EMA8=24198.99 EMA30=24244.76 | ADX=52.1 Dir=SELL
2026-04-23 11:40:10,008  INFO      Option | NIFTY26APR24200PE | LTP=205.8 Bid=206.25 Ask=206.55 OI=7,668,050 Vol=65,108,745 Lot=65 LotValue=Rs.13377
2026-04-23 11:40:10,008  INFO      Option trade | NIFTY26APR24200PE | LTP=205.8 SL=203.72 Target=212.02 | Lots=3 Qty=195 LotValue=Rs.13377.0
2026-04-23 11:40:10,008  INFO      Order blocked: MAX_TRADES_REACHED
2026-04-23 11:45:07,773  INFO      Candle 2026-04-23 11:45:00+05:30 | Close=24175.95 | EMA8=24191.07 EMA30=24239.34 | ADX=53.4 Dir=SELL
2026-04-23 11:45:07,872  INFO      Option | NIFTY26APR24200PE | LTP=217.15 Bid=216.6 Ask=217.1 OI=7,655,050 Vol=66,593,865 Lot=65 LotValue=Rs.14115
2026-04-23 11:45:07,872  INFO      Option trade | NIFTY26APR24200PE | LTP=217.15 SL=214.35 Target=225.55 | Lots=3 Qty=195 LotValue=Rs.14114.75
2026-04-23 11:45:07,872  INFO      Order blocked: MAX_TRADES_REACHED
2026-04-23 11:50:05,688  INFO      Candle 2026-04-23 11:50:00+05:30 | Close=24191.70 | EMA8=24194.04 EMA30=24237.25 | ADX=54.9 Dir=SELL
2026-04-23 11:50:05,769  INFO      Option | NIFTY26APR24200PE | LTP=206.6 Bid=206.55 Ask=207.0 OI=7,661,355 Vol=68,045,575 Lot=65 LotValue=Rs.13429
2026-04-23 11:50:05,770  INFO      Option trade | NIFTY26APR24200PE | LTP=206.6 SL=204.42 Target=213.12 | Lots=3 Qty=195 LotValue=Rs.13429.0
2026-04-23 11:50:05,770  INFO      Order blocked: MAX_TRADES_REACHED
2026-04-23 11:55:13,869  INFO      Candle 2026-04-23 11:55:00+05:30 | Close=24213.95 | EMA8=24202.19 EMA30=24237.05 | ADX=42.8 Dir=SELL
2026-04-23 12:00:11,771  INFO      Candle 2026-04-23 12:00:00+05:30 | Close=24205.30 | EMA8=24201.52 EMA30=24234.53 | ADX=38.3 Dir=SELL
2026-04-23 12:00:11,856  INFO      Option | NIFTY26APR24200PE | LTP=197.6 Bid=197.1 Ask=197.6 OI=7,528,495 Vol=71,502,795 Lot=65 LotValue=Rs.12844
2026-04-23 12:00:11,856  INFO      Option trade | NIFTY26APR24200PE | LTP=197.6 SL=194.53 Target=206.83 | Lots=3 Qty=195 LotValue=Rs.12844.0
2026-04-23 12:00:11,856  INFO      Order blocked: MAX_TRADES_REACHED
2026-04-23 12:00:11,857  INFO      Hourly | Trades=3 PnL=Rs.2,349.75 WinRate=66.7%
2026-04-23 12:01:17,440  INFO      OI | Support=24000 Resistance=24200 MaxPain=24200 PCR=1.68 Bias=BULLISH
2026-04-23 12:01:17,443  INFO      OI refreshed | {'support': 24000, 'resistance': 24200, 'max_pain': 24200, 'pcr': 1.68, 'expiry': '2026-04-28', 'bias': 'BULLISH'}
2026-04-23 12:05:09,721  INFO      Candle 2026-04-23 12:05:00+05:30 | Close=24198.65 | EMA8=24199.87 EMA30=24231.86 | ADX=36.6 Dir=SELL
2026-04-23 12:05:09,834  INFO      Option | NIFTY26APR24200PE | LTP=201.8 Bid=201.9 Ask=202.4 OI=7,682,415 Vol=72,916,675 Lot=65 LotValue=Rs.13117
2026-04-23 12:05:09,835  INFO      Option trade | NIFTY26APR24200PE | LTP=201.8 SL=199.7 Target=208.1 | Lots=3 Qty=195 LotValue=Rs.13117.0
2026-04-23 12:05:09,835  INFO      Order blocked: MAX_TRADES_REACHED
2026-04-23 12:10:17,805  INFO      Candle 2026-04-23 12:10:00+05:30 | Close=24206.15 | EMA8=24203.13 EMA30=24230.85 | ADX=30.9 Dir=SELL
2026-04-23 12:10:17,901  INFO      Option | NIFTY26APR24200PE | LTP=193.9 Bid=193.4 Ask=193.9 OI=7,706,140 Vol=74,415,315 Lot=65 LotValue=Rs.12604
2026-04-23 12:10:17,902  INFO      Option trade | NIFTY26APR24200PE | LTP=193.9 SL=190.88 Target=202.98 | Lots=3 Qty=195 LotValue=Rs.12603.5
2026-04-23 12:10:17,902  INFO      Order blocked: MAX_TRADES_REACHED
2026-04-23 12:15:15,767  INFO      Candle 2026-04-23 12:15:00+05:30 | Close=24219.80 | EMA8=24209.66 EMA30=24231.12 | ADX=29.5 Dir=SELL
2026-04-23 12:15:15,855  INFO      Option | NIFTY26APR24200PE | LTP=189.45 Bid=189.05 Ask=189.45 OI=7,686,835 Vol=75,667,930 Lot=65 LotValue=Rs.12314
2026-04-23 12:15:15,856  INFO      Option trade | NIFTY26APR24200PE | LTP=189.45 SL=186.32 Target=198.82 | Lots=3 Qty=195 LotValue=Rs.12314.25
2026-04-23 12:15:15,856  INFO      Order blocked: MAX_TRADES_REACHED
2026-04-23 12:20:13,690  INFO      Candle 2026-04-23 12:20:00+05:30 | Close=24216.60 | EMA8=24210.47 EMA30=24229.93 | ADX=27.3 Dir=SELL
2026-04-23 12:20:13,768  INFO      Option | NIFTY26APR24200PE | LTP=193.1 Bid=193.15 Ask=193.25 OI=7,832,435 Vol=76,648,910 Lot=65 LotValue=Rs.12552
2026-04-23 12:20:13,769  INFO      Option trade | NIFTY26APR24200PE | LTP=193.1 SL=190.77 Target=200.08 | Lots=3 Qty=195 LotValue=Rs.12551.5
2026-04-23 12:20:13,769  INFO      Order blocked: MAX_TRADES_REACHED
2026-04-23 12:25:11,393  INFO      Candle 2026-04-23 12:25:00+05:30 | Close=24218.70 | EMA8=24213.43 EMA30=24229.60 | ADX=27.8 Dir=SELL
2026-04-23 12:25:11,474  INFO      Option | NIFTY26APR24200PE | LTP=191.15 Bid=191.15 Ask=191.5 OI=7,864,935 Vol=78,248,820 Lot=65 LotValue=Rs.12425
2026-04-23 12:25:11,475  INFO      Option trade | NIFTY26APR24200PE | LTP=191.15 SL=186.1 Target=206.3 | Lots=3 Qty=195 LotValue=Rs.12424.75
2026-04-23 12:25:11,475  INFO      Order blocked: MAX_TRADES_REACHED
2026-04-23 12:30:09,446  INFO      Candle 2026-04-23 12:30:00+05:30 | Close=24179.00 | EMA8=24199.11 EMA30=24224.01 | ADX=29.4 Dir=SELL
2026-04-23 12:30:09,535  INFO      Option | NIFTY26APR24200PE | LTP=207.0 Bid=207.0 Ask=207.3 OI=7,937,085 Vol=81,269,045 Lot=65 LotValue=Rs.13455
2026-04-23 12:30:09,536  INFO      Option trade | NIFTY26APR24200PE | LTP=207.0 SL=203.9 Target=216.3 | Lots=3 Qty=195 LotValue=Rs.13455.0
2026-04-23 12:30:09,536  INFO      Order blocked: MAX_TRADES_REACHED
2026-04-23 12:35:07,235  INFO      Candle 2026-04-23 12:35:00+05:30 | Close=24177.85 | EMA8=24194.30 EMA30=24221.00 | ADX=32.2 Dir=SELL
2026-04-23 12:35:07,313  INFO      Option | NIFTY26APR24200PE | LTP=211.65 Bid=212.05 Ask=212.5 OI=7,367,750 Vol=84,325,605 Lot=65 LotValue=Rs.13757
2026-04-23 12:35:07,313  INFO      Option trade | NIFTY26APR24200PE | LTP=211.65 SL=209.45 Target=218.25 | Lots=3 Qty=195 LotValue=Rs.13757.25
2026-04-23 12:35:07,313  INFO      Order blocked: MAX_TRADES_REACHED
2026-04-23 12:40:14,997  INFO      Candle 2026-04-23 12:40:00+05:30 | Close=24192.25 | EMA8=24196.37 EMA30=24220.03 | ADX=28.7 Dir=SELL
2026-04-23 12:45:12,708  INFO      Candle 2026-04-23 12:45:00+05:30 | Close=24203.75 | EMA8=24199.64 EMA30=24219.54 | ADX=24.6 Dir=SELL
2026-04-23 12:50:10,437  INFO      Candle 2026-04-23 12:50:00+05:30 | Close=24194.30 | EMA8=24196.96 EMA30=24217.40 | ADX=23.4 Dir=SELL
2026-04-23 12:50:10,529  INFO      Option | NIFTY26APR24200PE | LTP=202.0 Bid=201.85 Ask=202.0 OI=7,527,715 Vol=88,747,880 Lot=65 LotValue=Rs.13130
2026-04-23 12:50:10,529  INFO      Option trade | NIFTY26APR24200PE | LTP=202.0 SL=199.3 Target=210.1 | Lots=3 Qty=195 LotValue=Rs.13130.0
2026-04-23 12:50:10,529  INFO      Order blocked: MAX_TRADES_REACHED
2026-04-23 12:55:08,148  INFO      Candle 2026-04-23 12:55:00+05:30 | Close=24204.25 | EMA8=24200.18 EMA30=24217.11 | ADX=21.3 Dir=SELL
2026-04-23 12:55:08,251  INFO      Option | NIFTY26APR24200PE | LTP=194.55 Bid=194.55 Ask=195.0 OI=7,751,640 Vol=90,122,110 Lot=65 LotValue=Rs.12646
2026-04-23 12:55:08,252  INFO      Option trade | NIFTY26APR24200PE | LTP=194.55 SL=192.68 Target=200.18 | Lots=3 Qty=195 LotValue=Rs.12645.75
2026-04-23 12:55:08,252  INFO      Order blocked: MAX_TRADES_REACHED
2026-04-23 13:00:16,184  INFO      Candle 2026-04-23 13:00:00+05:30 | Close=24213.45 | EMA8=24204.94 EMA30=24217.50 | ADX=19.3 Dir=SELL
2026-04-23 13:01:21,780  INFO      OI | Support=24000 Resistance=24200 MaxPain=24200 PCR=1.67 Bias=BULLISH
2026-04-23 13:01:21,782  INFO      OI refreshed | {'support': 24000, 'resistance': 24200, 'max_pain': 24200, 'pcr': 1.67, 'expiry': '2026-04-28', 'bias': 'BULLISH'}
2026-04-23 13:05:14,023  INFO      Candle 2026-04-23 13:05:00+05:30 | Close=24211.75 | EMA8=24205.90 EMA30=24216.94 | ADX=17.8 Dir=SELL
2026-04-23 13:10:11,632  INFO      Candle 2026-04-23 13:10:00+05:30 | Close=24215.10 | EMA8=24208.66 EMA30=24217.07 | ADX=15.0 Dir=SELL
2026-04-23 13:15:09,359  INFO      Candle 2026-04-23 13:15:00+05:30 | Close=24215.90 | EMA8=24210.46 EMA30=24217.06 | ADX=13.7 Dir=SELL
2026-04-23 13:20:07,538  INFO      Candle 2026-04-23 13:20:00+05:30 | Close=24247.15 | EMA8=24223.32 EMA30=24220.65 | ADX=21.3 Dir=BUY
2026-04-23 13:20:07,542  INFO      OI blocked BUY — price 24247.9 near resistance 24200
2026-04-23 13:20:07,542  INFO      OI filter blocked BUY at 24247.9
2026-04-23 13:25:05,355  INFO      Candle 2026-04-23 13:25:00+05:30 | Close=24273.80 | EMA8=24239.06 EMA30=24225.65 | ADX=28.6 Dir=BUY
2026-04-23 13:30:13,263  INFO      Candle 2026-04-23 13:30:00+05:30 | Close=24271.05 | EMA8=24245.76 EMA30=24228.44 | ADX=33.3 Dir=BUY
2026-04-23 13:35:11,151  INFO      Candle 2026-04-23 13:35:00+05:30 | Close=24242.30 | EMA8=24241.14 EMA30=24227.99 | ADX=31.6 Dir=BUY
2026-04-23 13:40:08,973  INFO      Candle 2026-04-23 13:40:00+05:30 | Close=24216.70 | EMA8=24231.13 EMA30=24225.66 | ADX=25.1 Dir=BUY
2026-04-23 13:45:07,160  INFO      Candle 2026-04-23 13:45:00+05:30 | Close=24212.95 | EMA8=24226.57 EMA30=24224.66 | ADX=23.5 Dir=BUY
2026-04-23 13:50:04,826  INFO      Candle 2026-04-23 13:50:00+05:30 | Close=24217.85 | EMA8=24225.29 EMA30=24224.45 | ADX=21.0 Dir=BUY
2026-04-23 13:55:12,843  INFO      Candle 2026-04-23 13:55:00+05:30 | Close=24234.95 | EMA8=24230.24 EMA30=24226.11 | ADX=19.5 Dir=BUY
2026-04-23 14:00:10,858  INFO      Candle 2026-04-23 14:00:00+05:30 | Close=24240.50 | EMA8=24233.65 EMA30=24227.43 | ADX=22.3 Dir=BUY
2026-04-23 14:01:26,562  INFO      OI | Support=24000 Resistance=24200 MaxPain=24200 PCR=2.02 Bias=BULLISH
2026-04-23 14:01:26,563  INFO      OI refreshed | {'support': 24000, 'resistance': 24200, 'max_pain': 24200, 'pcr': 2.02, 'expiry': '2026-04-28', 'bias': 'BULLISH'}
2026-04-23 14:05:08,913  INFO      Candle 2026-04-23 14:05:00+05:30 | Close=24233.30 | EMA8=24232.53 EMA30=24227.44 | ADX=20.8 Dir=BUY
2026-04-23 14:10:13,696  INFO      Candle 2026-04-23 14:10:00+05:30 | Close=24217.25 | EMA8=24226.81 EMA30=24225.98 | ADX=18.1 Dir=BUY
2026-04-23 14:15:11,654  INFO      Candle 2026-04-23 14:15:00+05:30 | Close=24207.45 | EMA8=24221.12 EMA30=24224.30 | ADX=16.3 Dir=SELL
2026-04-23 14:20:09,572  INFO      Candle 2026-04-23 14:20:00+05:30 | Close=24201.50 | EMA8=24216.09 EMA30=24222.59 | ADX=15.9 Dir=SELL
2026-04-23 14:25:07,851  INFO      Candle 2026-04-23 14:25:00+05:30 | Close=24199.10 | EMA8=24212.44 EMA30=24221.12 | ADX=18.5 Dir=SELL
2026-04-23 14:30:05,679  INFO      Candle 2026-04-23 14:30:00+05:30 | Close=24189.00 | EMA8=24205.56 EMA30=24218.47 | ADX=19.3 Dir=SELL
2026-04-23 14:35:13,837  INFO      Candle 2026-04-23 14:35:00+05:30 | Close=24173.55 | EMA8=24196.06 EMA30=24214.73 | ADX=23.9 Dir=SELL
2026-04-23 14:35:13,964  INFO      Option | NIFTY26APR24150PE | LTP=184.0 Bid=184.25 Ask=184.6 OI=1,995,045 Vol=42,965,065 Lot=65 LotValue=Rs.11960
2026-04-23 14:35:13,965  INFO      Option trade | NIFTY26APR24150PE | LTP=184.0 SL=181.1 Target=192.7 | Lots=3 Qty=195 LotValue=Rs.11960.0
2026-04-23 14:35:13,965  INFO      Order blocked: MAX_TRADES_REACHED
2026-04-23 14:40:11,719  INFO      Candle 2026-04-23 14:40:00+05:30 | Close=24172.35 | EMA8=24191.10 EMA30=24212.10 | ADX=27.2 Dir=SELL
2026-04-23 14:40:11,822  INFO      Option | NIFTY26APR24150PE | LTP=182.3 Bid=182.15 Ask=182.2 OI=1,986,010 Vol=44,215,145 Lot=65 LotValue=Rs.11850
2026-04-23 14:40:11,822  INFO      Option trade | NIFTY26APR24150PE | LTP=182.3 SL=178.42 Target=193.92 | Lots=3 Qty=195 LotValue=Rs.11849.5
2026-04-23 14:40:11,822  INFO      Order blocked: MAX_TRADES_REACHED
2026-04-23 14:45:09,806  INFO      Candle 2026-04-23 14:45:00+05:30 | Close=24162.75 | EMA8=24183.11 EMA30=24208.33 | ADX=30.7 Dir=SELL
2026-04-23 14:50:07,666  INFO      Candle 2026-04-23 14:50:00+05:30 | Close=24178.30 | EMA8=24184.88 EMA30=24207.39 | ADX=27.9 Dir=SELL
2026-04-23 14:50:07,744  INFO      Option | NIFTY26APR24200PE | LTP=204.85 Bid=203.35 Ask=203.85 OI=6,312,020 Vol=137,086,820 Lot=65 LotValue=Rs.13315
2026-04-23 14:50:07,744  INFO      Option trade | NIFTY26APR24200PE | LTP=204.85 SL=202.57 Target=211.67 | Lots=3 Qty=195 LotValue=Rs.13315.25
2026-04-23 14:50:07,744  INFO      Order blocked: MAX_TRADES_REACHED
2026-04-23 14:55:15,674  INFO      Candle 2026-04-23 14:55:00+05:30 | Close=24177.75 | EMA8=24183.36 EMA30=24205.50 | ADX=28.0 Dir=SELL
2026-04-23 14:55:15,806  INFO      Option | NIFTY26APR24200PE | LTP=202.6 Bid=203.05 Ask=203.5 OI=6,155,955 Vol=138,374,795 Lot=65 LotValue=Rs.13169
2026-04-23 14:55:15,806  INFO      Option trade | NIFTY26APR24200PE | LTP=202.6 SL=199.9 Target=210.7 | Lots=3 Qty=195 LotValue=Rs.13169.0
2026-04-23 14:55:15,806  INFO      Order blocked: MAX_TRADES_REACHED
2026-04-23 15:00:13,619  INFO      Candle 2026-04-23 15:00:00+05:30 | Close=24184.50 | EMA8=24184.15 EMA30=24204.33 | ADX=28.0 Dir=SELL
2026-04-23 15:01:29,367  INFO      OI | Support=24000 Resistance=24200 MaxPain=24200 PCR=1.7 Bias=BULLISH
2026-04-23 15:01:29,368  INFO      OI refreshed | {'support': 24000, 'resistance': 24200, 'max_pain': 24200, 'pcr': 1.7, 'expiry': '2026-04-28', 'bias': 'BULLISH'}
2026-04-23 15:05:11,665  INFO      Candle 2026-04-23 15:05:00+05:30 | Close=24196.20 | EMA8=24188.13 EMA30=24204.26 | ADX=26.6 Dir=SELL
2026-04-23 15:10:09,736  INFO      Candle 2026-04-23 15:10:00+05:30 | Close=24185.55 | EMA8=24185.90 EMA30=24202.48 | ADX=24.3 Dir=SELL
2026-04-23 15:15:07,776  INFO      Candle 2026-04-23 15:15:00+05:30 | Close=24163.95 | EMA8=24176.61 EMA30=24198.45 | ADX=21.9 Dir=SELL
2026-04-23 15:20:05,620  INFO      Market closed — closing open trades
2026-04-23 15:20:05,707  INFO      ==================================================   PAPER TRADING REPORT — 23 Apr 2026 ==================================================   Instrument  : NIFTY   Capital     : Rs.150,000   Total Trades: 3   Wins        : 2   Losses      : 1   Win Rate    : 66.7%   Daily PnL   : +Rs.2,349.75   Equity Now  : Rs.152,349.75 ==================================================   Daily log   : logs/algo_2026-04-23.log   Trades CSV  : logs/daily_report.csv   Summary JSON: logs/summary_2026-04-23.json ==================================================
2026-04-23 15:20:05,710  INFO      Daily summary saved: logs/summary_2026-04-23.json
2026-04-23 15:20:05,710  INFO      Algo stopped. See you tomorrow!
